<?xml version="1.0"?>
<link_info>
   <banner>TI ARM Linker Unix v5.2.8</banner>
   <copyright>Copyright (c) 1996-2015 Texas Instruments Incorporated</copyright>
   <link_time>0x58de1183</link_time>
   <link_errors>0x0</link_errors>
   <output_file>free_rtos_2task.out</output_file>
   <entry_point>
      <name>_c_int00</name>
      <address>0x125dc</address>
   </entry_point>
   <input_file_list>
      <input_file id="fl-2">
         <path>./source/</path>
         <kind>object</kind>
         <file>can.obj</file>
         <name>can.obj</name>
      </input_file>
      <input_file id="fl-3">
         <path>./source/</path>
         <kind>object</kind>
         <file>dabort.obj</file>
         <name>dabort.obj</name>
      </input_file>
      <input_file id="fl-4">
         <path>./source/</path>
         <kind>object</kind>
         <file>esm.obj</file>
         <name>esm.obj</name>
      </input_file>
      <input_file id="fl-5">
         <path>./source/</path>
         <kind>object</kind>
         <file>gio.obj</file>
         <name>gio.obj</name>
      </input_file>
      <input_file id="fl-6">
         <path>./source/</path>
         <kind>object</kind>
         <file>i2c.obj</file>
         <name>i2c.obj</name>
      </input_file>
      <input_file id="fl-7">
         <path>./source/</path>
         <kind>object</kind>
         <file>notification.obj</file>
         <name>notification.obj</name>
      </input_file>
      <input_file id="fl-8">
         <path>./source/</path>
         <kind>object</kind>
         <file>os_crit_handler.obj</file>
         <name>os_crit_handler.obj</name>
      </input_file>
      <input_file id="fl-9">
         <path>./source/</path>
         <kind>object</kind>
         <file>os_croutine.obj</file>
         <name>os_croutine.obj</name>
      </input_file>
      <input_file id="fl-a">
         <path>./source/</path>
         <kind>object</kind>
         <file>os_ds_bheap.obj</file>
         <name>os_ds_bheap.obj</name>
      </input_file>
      <input_file id="fl-b">
         <path>./source/</path>
         <kind>object</kind>
         <file>os_ds_rb_heap.obj</file>
         <name>os_ds_rb_heap.obj</name>
      </input_file>
      <input_file id="fl-c">
         <path>./source/</path>
         <kind>object</kind>
         <file>os_event_groups.obj</file>
         <name>os_event_groups.obj</name>
      </input_file>
      <input_file id="fl-d">
         <path>./source/</path>
         <kind>object</kind>
         <file>os_heap.obj</file>
         <name>os_heap.obj</name>
      </input_file>
      <input_file id="fl-e">
         <path>./source/</path>
         <kind>object</kind>
         <file>os_list.obj</file>
         <name>os_list.obj</name>
      </input_file>
      <input_file id="fl-f">
         <path>./source/</path>
         <kind>object</kind>
         <file>os_mpu_wrappers.obj</file>
         <name>os_mpu_wrappers.obj</name>
      </input_file>
      <input_file id="fl-10">
         <path>./source/</path>
         <kind>object</kind>
         <file>os_port.obj</file>
         <name>os_port.obj</name>
      </input_file>
      <input_file id="fl-11">
         <path>./source/</path>
         <kind>object</kind>
         <file>os_portasm.obj</file>
         <name>os_portasm.obj</name>
      </input_file>
      <input_file id="fl-12">
         <path>./source/</path>
         <kind>object</kind>
         <file>os_queue.obj</file>
         <name>os_queue.obj</name>
      </input_file>
      <input_file id="fl-13">
         <path>./source/</path>
         <kind>object</kind>
         <file>os_sched_M_N.obj</file>
         <name>os_sched_M_N.obj</name>
      </input_file>
      <input_file id="fl-14">
         <path>./source/</path>
         <kind>object</kind>
         <file>os_sched_amc.obj</file>
         <name>os_sched_amc.obj</name>
      </input_file>
      <input_file id="fl-15">
         <path>./source/</path>
         <kind>object</kind>
         <file>os_sched_edf.obj</file>
         <name>os_sched_edf.obj</name>
      </input_file>
      <input_file id="fl-16">
         <path>./source/</path>
         <kind>object</kind>
         <file>os_sched_edf_vd.obj</file>
         <name>os_sched_edf_vd.obj</name>
      </input_file>
      <input_file id="fl-17">
         <path>./source/</path>
         <kind>object</kind>
         <file>os_tasks.obj</file>
         <name>os_tasks.obj</name>
      </input_file>
      <input_file id="fl-18">
         <path>./source/</path>
         <kind>object</kind>
         <file>os_timer.obj</file>
         <name>os_timer.obj</name>
      </input_file>
      <input_file id="fl-19">
         <path>./source/</path>
         <kind>object</kind>
         <file>pinmux.obj</file>
         <name>pinmux.obj</name>
      </input_file>
      <input_file id="fl-1a">
         <path>./source/</path>
         <kind>object</kind>
         <file>sci.obj</file>
         <name>sci.obj</name>
      </input_file>
      <input_file id="fl-1b">
         <path>./source/</path>
         <kind>object</kind>
         <file>sys_core.obj</file>
         <name>sys_core.obj</name>
      </input_file>
      <input_file id="fl-1c">
         <path>./source/</path>
         <kind>object</kind>
         <file>sys_dma.obj</file>
         <name>sys_dma.obj</name>
      </input_file>
      <input_file id="fl-1d">
         <path>./source/</path>
         <kind>object</kind>
         <file>sys_intvecs.obj</file>
         <name>sys_intvecs.obj</name>
      </input_file>
      <input_file id="fl-1e">
         <path>./source/</path>
         <kind>object</kind>
         <file>sys_main.obj</file>
         <name>sys_main.obj</name>
      </input_file>
      <input_file id="fl-1f">
         <path>./source/</path>
         <kind>object</kind>
         <file>sys_mpu.obj</file>
         <name>sys_mpu.obj</name>
      </input_file>
      <input_file id="fl-20">
         <path>./source/</path>
         <kind>object</kind>
         <file>sys_pcr.obj</file>
         <name>sys_pcr.obj</name>
      </input_file>
      <input_file id="fl-21">
         <path>./source/</path>
         <kind>object</kind>
         <file>sys_phantom.obj</file>
         <name>sys_phantom.obj</name>
      </input_file>
      <input_file id="fl-22">
         <path>./source/</path>
         <kind>object</kind>
         <file>sys_pmm.obj</file>
         <name>sys_pmm.obj</name>
      </input_file>
      <input_file id="fl-23">
         <path>./source/</path>
         <kind>object</kind>
         <file>sys_pmu.obj</file>
         <name>sys_pmu.obj</name>
      </input_file>
      <input_file id="fl-24">
         <path>./source/</path>
         <kind>object</kind>
         <file>sys_selftest.obj</file>
         <name>sys_selftest.obj</name>
      </input_file>
      <input_file id="fl-25">
         <path>./source/</path>
         <kind>object</kind>
         <file>sys_startup.obj</file>
         <name>sys_startup.obj</name>
      </input_file>
      <input_file id="fl-26">
         <path>./source/</path>
         <kind>object</kind>
         <file>sys_vim.obj</file>
         <name>sys_vim.obj</name>
      </input_file>
      <input_file id="fl-27">
         <path>./source/</path>
         <kind>object</kind>
         <file>system.obj</file>
         <name>system.obj</name>
      </input_file>
      <input_file id="fl-2c">
         <path>/opt/ti_6.2/ccsv6/tools/compiler/arm_5.2.8/lib/</path>
         <kind>archive</kind>
         <file>rtsv7R4_T_be_v3D16_eabi.lib</file>
         <name>atoi.obj</name>
      </input_file>
      <input_file id="fl-2d">
         <path>/opt/ti_6.2/ccsv6/tools/compiler/arm_5.2.8/lib/</path>
         <kind>archive</kind>
         <file>rtsv7R4_T_be_v3D16_eabi.lib</file>
         <name>autoinit.obj</name>
      </input_file>
      <input_file id="fl-2e">
         <path>/opt/ti_6.2/ccsv6/tools/compiler/arm_5.2.8/lib/</path>
         <kind>archive</kind>
         <file>rtsv7R4_T_be_v3D16_eabi.lib</file>
         <name>copy_decompress_none.obj</name>
      </input_file>
      <input_file id="fl-2f">
         <path>/opt/ti_6.2/ccsv6/tools/compiler/arm_5.2.8/lib/</path>
         <kind>archive</kind>
         <file>rtsv7R4_T_be_v3D16_eabi.lib</file>
         <name>copy_decompress_rle.obj</name>
      </input_file>
      <input_file id="fl-30">
         <path>/opt/ti_6.2/ccsv6/tools/compiler/arm_5.2.8/lib/</path>
         <kind>archive</kind>
         <file>rtsv7R4_T_be_v3D16_eabi.lib</file>
         <name>copy_zero_init.obj</name>
      </input_file>
      <input_file id="fl-31">
         <path>/opt/ti_6.2/ccsv6/tools/compiler/arm_5.2.8/lib/</path>
         <kind>archive</kind>
         <file>rtsv7R4_T_be_v3D16_eabi.lib</file>
         <name>cpy_tbl.obj</name>
      </input_file>
      <input_file id="fl-32">
         <path>/opt/ti_6.2/ccsv6/tools/compiler/arm_5.2.8/lib/</path>
         <kind>archive</kind>
         <file>rtsv7R4_T_be_v3D16_eabi.lib</file>
         <name>ctype.obj</name>
      </input_file>
      <input_file id="fl-33">
         <path>/opt/ti_6.2/ccsv6/tools/compiler/arm_5.2.8/lib/</path>
         <kind>archive</kind>
         <file>rtsv7R4_T_be_v3D16_eabi.lib</file>
         <name>exit.obj</name>
      </input_file>
      <input_file id="fl-34">
         <path>/opt/ti_6.2/ccsv6/tools/compiler/arm_5.2.8/lib/</path>
         <kind>archive</kind>
         <file>rtsv7R4_T_be_v3D16_eabi.lib</file>
         <name>memcpy_t2.obj</name>
      </input_file>
      <input_file id="fl-35">
         <path>/opt/ti_6.2/ccsv6/tools/compiler/arm_5.2.8/lib/</path>
         <kind>archive</kind>
         <file>rtsv7R4_T_be_v3D16_eabi.lib</file>
         <name>memset_t2.obj</name>
      </input_file>
      <input_file id="fl-36">
         <path>/opt/ti_6.2/ccsv6/tools/compiler/arm_5.2.8/lib/</path>
         <kind>archive</kind>
         <file>rtsv7R4_T_be_v3D16_eabi.lib</file>
         <name>snprintf.obj</name>
      </input_file>
      <input_file id="fl-37">
         <path>/opt/ti_6.2/ccsv6/tools/compiler/arm_5.2.8/lib/</path>
         <kind>archive</kind>
         <file>rtsv7R4_T_be_v3D16_eabi.lib</file>
         <name>strncpy.obj</name>
      </input_file>
      <input_file id="fl-38">
         <path>/opt/ti_6.2/ccsv6/tools/compiler/arm_5.2.8/lib/</path>
         <kind>archive</kind>
         <file>rtsv7R4_T_be_v3D16_eabi.lib</file>
         <name>u_div32.obj</name>
      </input_file>
      <input_file id="fl-39">
         <path>/opt/ti_6.2/ccsv6/tools/compiler/arm_5.2.8/lib/</path>
         <kind>archive</kind>
         <file>rtsv7R4_T_be_v3D16_eabi.lib</file>
         <name>_lock.obj</name>
      </input_file>
      <input_file id="fl-3a">
         <path>/opt/ti_6.2/ccsv6/tools/compiler/arm_5.2.8/lib/</path>
         <kind>archive</kind>
         <file>rtsv7R4_T_be_v3D16_eabi.lib</file>
         <name>_printfi.obj</name>
      </input_file>
      <input_file id="fl-3b">
         <path>/opt/ti_6.2/ccsv6/tools/compiler/arm_5.2.8/lib/</path>
         <kind>archive</kind>
         <file>rtsv7R4_T_be_v3D16_eabi.lib</file>
         <name>frexp.obj</name>
      </input_file>
      <input_file id="fl-3c">
         <path>/opt/ti_6.2/ccsv6/tools/compiler/arm_5.2.8/lib/</path>
         <kind>archive</kind>
         <file>rtsv7R4_T_be_v3D16_eabi.lib</file>
         <name>i_div0.obj</name>
      </input_file>
      <input_file id="fl-3d">
         <path>/opt/ti_6.2/ccsv6/tools/compiler/arm_5.2.8/lib/</path>
         <kind>archive</kind>
         <file>rtsv7R4_T_be_v3D16_eabi.lib</file>
         <name>ldexp.obj</name>
      </input_file>
      <input_file id="fl-3e">
         <path>/opt/ti_6.2/ccsv6/tools/compiler/arm_5.2.8/lib/</path>
         <kind>archive</kind>
         <file>rtsv7R4_T_be_v3D16_eabi.lib</file>
         <name>ltoa.obj</name>
      </input_file>
      <input_file id="fl-3f">
         <path>/opt/ti_6.2/ccsv6/tools/compiler/arm_5.2.8/lib/</path>
         <kind>archive</kind>
         <file>rtsv7R4_T_be_v3D16_eabi.lib</file>
         <name>memccpy.obj</name>
      </input_file>
      <input_file id="fl-40">
         <path>/opt/ti_6.2/ccsv6/tools/compiler/arm_5.2.8/lib/</path>
         <kind>archive</kind>
         <file>rtsv7R4_T_be_v3D16_eabi.lib</file>
         <name>strchr.obj</name>
      </input_file>
      <input_file id="fl-41">
         <path>/opt/ti_6.2/ccsv6/tools/compiler/arm_5.2.8/lib/</path>
         <kind>archive</kind>
         <file>rtsv7R4_T_be_v3D16_eabi.lib</file>
         <name>strlen.obj</name>
      </input_file>
      <input_file id="fl-42">
         <path>/opt/ti_6.2/ccsv6/tools/compiler/arm_5.2.8/lib/</path>
         <kind>archive</kind>
         <file>rtsv7R4_T_be_v3D16_eabi.lib</file>
         <name>ull_div32.obj</name>
      </input_file>
      <input_file id="fl-43">
         <path>/opt/ti_6.2/ccsv6/tools/compiler/arm_5.2.8/lib/</path>
         <kind>archive</kind>
         <file>rtsv7R4_T_be_v3D16_eabi.lib</file>
         <name>xdclass.obj</name>
      </input_file>
      <input_file id="fl-44">
         <path>/opt/ti_6.2/ccsv6/tools/compiler/arm_5.2.8/lib/</path>
         <kind>archive</kind>
         <file>rtsv7R4_T_be_v3D16_eabi.lib</file>
         <name>xdscale.obj</name>
      </input_file>
      <input_file id="fl-45">
         <path>/opt/ti_6.2/ccsv6/tools/compiler/arm_5.2.8/lib/</path>
         <kind>archive</kind>
         <file>rtsv7R4_T_be_v3D16_eabi.lib</file>
         <name>xdunscal.obj</name>
      </input_file>
      <input_file id="fl-46">
         <path>/opt/ti_6.2/ccsv6/tools/compiler/arm_5.2.8/lib/</path>
         <kind>archive</kind>
         <file>rtsv7R4_T_be_v3D16_eabi.lib</file>
         <name>xferaise.obj</name>
      </input_file>
      <input_file id="fl-47">
         <path>/opt/ti_6.2/ccsv6/tools/compiler/arm_5.2.8/lib/</path>
         <kind>archive</kind>
         <file>rtsv7R4_T_be_v3D16_eabi.lib</file>
         <name>xvalues.obj</name>
      </input_file>
      <input_file id="fl-48">
         <path>/opt/ti_6.2/ccsv6/tools/compiler/arm_5.2.8/lib/</path>
         <kind>archive</kind>
         <file>rtsv7R4_T_be_v3D16_eabi.lib</file>
         <name>errno.obj</name>
      </input_file>
      <input_file id="fl-49">
         <path>/opt/ti_6.2/ccsv6/tools/compiler/arm_5.2.8/lib/</path>
         <kind>archive</kind>
         <file>rtsv7R4_T_be_v3D16_eabi.lib</file>
         <name>feraiseexcept.obj</name>
      </input_file>
      <input_file id="fl-4a">
         <path>/opt/ti_6.2/ccsv6/tools/compiler/arm_5.2.8/lib/</path>
         <kind>archive</kind>
         <file>rtsv7R4_T_be_v3D16_eabi.lib</file>
         <name>raise.obj</name>
      </input_file>
      <input_file id="fl-4b">
         <path>/opt/ti_6.2/ccsv6/tools/compiler/arm_5.2.8/lib/</path>
         <kind>archive</kind>
         <file>rtsv7R4_T_be_v3D16_eabi.lib</file>
         <name>signal.obj</name>
      </input_file>
      <input_file id="fl-4c">
         <path>/opt/ti_6.2/ccsv6/tools/compiler/arm_5.2.8/lib/</path>
         <kind>archive</kind>
         <file>rtsv7R4_T_be_v3D16_eabi.lib</file>
         <name>xdnorm.obj</name>
      </input_file>
   </input_file_list>
   <object_component_list>
      <object_component id="oc-35">
         <name>.intvecs</name>
         <load_address>0x0</load_address>
         <run_address>0x0</run_address>
         <size>0x20</size>
         <input_file_ref idref="fl-1d"/>
      </object_component>
      <object_component id="oc-12a">
         <name>.kernelTEXT</name>
         <load_address>0x20</load_address>
         <run_address>0x20</run_address>
         <size>0x1cf4</size>
         <input_file_ref idref="fl-17"/>
      </object_component>
      <object_component id="oc-130">
         <name>.kernelTEXT</name>
         <load_address>0x1d14</load_address>
         <run_address>0x1d14</run_address>
         <size>0x1124</size>
         <input_file_ref idref="fl-12"/>
      </object_component>
      <object_component id="oc-a7">
         <name>.kernelTEXT</name>
         <load_address>0x2e38</load_address>
         <run_address>0x2e38</run_address>
         <size>0x4b0</size>
         <input_file_ref idref="fl-11"/>
      </object_component>
      <object_component id="oc-243">
         <name>.kernelTEXT</name>
         <load_address>0x32e8</load_address>
         <run_address>0x32e8</run_address>
         <size>0x3e0</size>
         <input_file_ref idref="fl-10"/>
      </object_component>
      <object_component id="oc-1ea">
         <name>.kernelTEXT</name>
         <load_address>0x36c8</load_address>
         <run_address>0x36c8</run_address>
         <size>0x3a4</size>
         <input_file_ref idref="fl-d"/>
      </object_component>
      <object_component id="oc-429">
         <name>.cinit..data.load</name>
         <load_address>0x3a70</load_address>
         <run_address>0x3a70</run_address>
         <size>0xbc</size>
      </object_component>
      <object_component id="oc-426">
         <name>.cinit..kernelBSS.load</name>
         <load_address>0x3b30</load_address>
         <run_address>0x3b30</run_address>
         <size>0x1e</size>
      </object_component>
      <object_component id="oc-424">
         <name>__TI_handler_table</name>
         <load_address>0x3b50</load_address>
         <run_address>0x3b50</run_address>
         <size>0xc</size>
      </object_component>
      <object_component id="oc-428">
         <name>.cinit..bss.load</name>
         <load_address>0x3b60</load_address>
         <run_address>0x3b60</run_address>
         <size>0x8</size>
      </object_component>
      <object_component id="oc-427">
         <name>.cinit..kernelHEAP.load</name>
         <load_address>0x3b68</load_address>
         <run_address>0x3b68</run_address>
         <size>0x8</size>
      </object_component>
      <object_component id="oc-425">
         <name>__TI_cinit_table</name>
         <load_address>0x3b70</load_address>
         <run_address>0x3b70</run_address>
         <size>0x20</size>
      </object_component>
      <object_component id="oc-7c">
         <name>.text</name>
         <load_address>0x8020</load_address>
         <run_address>0x8020</run_address>
         <size>0x2cdc</size>
         <input_file_ref idref="fl-24"/>
      </object_component>
      <object_component id="oc-21b">
         <name>.text</name>
         <load_address>0xacfc</load_address>
         <run_address>0xacfc</run_address>
         <size>0x1060</size>
         <input_file_ref idref="fl-3a"/>
      </object_component>
      <object_component id="oc-23d">
         <name>.text</name>
         <load_address>0xbd5c</load_address>
         <run_address>0xbd5c</run_address>
         <size>0xfd0</size>
         <input_file_ref idref="fl-17"/>
      </object_component>
      <object_component id="oc-76">
         <name>.text</name>
         <load_address>0xcd2c</load_address>
         <run_address>0xcd2c</run_address>
         <size>0xb28</size>
         <input_file_ref idref="fl-27"/>
      </object_component>
      <object_component id="oc-100">
         <name>.text</name>
         <load_address>0xd854</load_address>
         <run_address>0xd854</run_address>
         <size>0xb0c</size>
         <input_file_ref idref="fl-2"/>
      </object_component>
      <object_component id="oc-8e">
         <name>.text</name>
         <load_address>0xe360</load_address>
         <run_address>0xe360</run_address>
         <size>0xa7c</size>
         <input_file_ref idref="fl-1e"/>
      </object_component>
      <object_component id="oc-118">
         <name>.text</name>
         <load_address>0xeddc</load_address>
         <run_address>0xeddc</run_address>
         <size>0x9d4</size>
         <input_file_ref idref="fl-1a"/>
      </object_component>
      <object_component id="oc-124">
         <name>.text</name>
         <load_address>0xf7b0</load_address>
         <run_address>0xf7b0</run_address>
         <size>0x8d8</size>
         <input_file_ref idref="fl-6"/>
      </object_component>
      <object_component id="oc-41">
         <name>.text</name>
         <load_address>0x10088</load_address>
         <run_address>0x10088</run_address>
         <size>0x89c</size>
         <input_file_ref idref="fl-26"/>
      </object_component>
      <object_component id="oc-dc">
         <name>.text</name>
         <load_address>0x10924</load_address>
         <run_address>0x10924</run_address>
         <size>0x638</size>
         <input_file_ref idref="fl-19"/>
      </object_component>
      <object_component id="oc-82">
         <name>.text</name>
         <load_address>0x10f5c</load_address>
         <run_address>0x10f5c</run_address>
         <size>0x5e8</size>
         <input_file_ref idref="fl-4"/>
      </object_component>
      <object_component id="oc-fa">
         <name>.text</name>
         <load_address>0x11544</load_address>
         <run_address>0x11544</run_address>
         <size>0x590</size>
         <input_file_ref idref="fl-f"/>
      </object_component>
      <object_component id="oc-11e">
         <name>.text</name>
         <load_address>0x11ad4</load_address>
         <run_address>0x11ad4</run_address>
         <size>0x484</size>
         <input_file_ref idref="fl-5"/>
      </object_component>
      <object_component id="oc-71">
         <name>.text</name>
         <load_address>0x11f58</load_address>
         <run_address>0x11f58</run_address>
         <size>0x3cc</size>
         <input_file_ref idref="fl-1b"/>
      </object_component>
      <object_component id="oc-2c5">
         <name>.text</name>
         <load_address>0x12324</load_address>
         <run_address>0x12324</run_address>
         <size>0x2b8</size>
         <input_file_ref idref="fl-42"/>
      </object_component>
      <object_component id="oc-20">
         <name>.text:retain</name>
         <load_address>0x125dc</load_address>
         <run_address>0x125dc</run_address>
         <size>0x298</size>
         <input_file_ref idref="fl-25"/>
      </object_component>
      <object_component id="oc-40">
         <name>.text:retain</name>
         <load_address>0x12874</load_address>
         <run_address>0x12874</run_address>
         <size>0x294</size>
         <input_file_ref idref="fl-26"/>
      </object_component>
      <object_component id="oc-2a9">
         <name>.text</name>
         <load_address>0x12b08</load_address>
         <run_address>0x12b08</run_address>
         <size>0x284</size>
         <input_file_ref idref="fl-d"/>
      </object_component>
      <object_component id="oc-249">
         <name>.text</name>
         <load_address>0x12d8c</load_address>
         <run_address>0x12d8c</run_address>
         <size>0x238</size>
         <input_file_ref idref="fl-e"/>
      </object_component>
      <object_component id="oc-331">
         <name>.text</name>
         <load_address>0x12fc4</load_address>
         <run_address>0x12fc4</run_address>
         <size>0x1b4</size>
         <input_file_ref idref="fl-10"/>
      </object_component>
      <object_component id="oc-375">
         <name>.text</name>
         <load_address>0x13178</load_address>
         <run_address>0x13178</run_address>
         <size>0x118</size>
         <input_file_ref idref="fl-44"/>
      </object_component>
      <object_component id="oc-2f">
         <name>.text:retain</name>
         <load_address>0x13290</load_address>
         <run_address>0x13290</run_address>
         <size>0x114</size>
         <input_file_ref idref="fl-4"/>
      </object_component>
      <object_component id="oc-e4">
         <name>.text</name>
         <load_address>0x133a4</load_address>
         <run_address>0x133a4</run_address>
         <size>0x110</size>
         <input_file_ref idref="fl-23"/>
      </object_component>
      <object_component id="oc-26">
         <name>.text:retain</name>
         <load_address>0x134b4</load_address>
         <run_address>0x134b4</run_address>
         <size>0x100</size>
         <input_file_ref idref="fl-2"/>
      </object_component>
      <object_component id="oc-b0">
         <name>.text</name>
         <load_address>0x135b4</load_address>
         <run_address>0x135b4</run_address>
         <size>0xe8</size>
         <input_file_ref idref="fl-3"/>
      </object_component>
      <object_component id="oc-9b">
         <name>.text</name>
         <load_address>0x1369c</load_address>
         <run_address>0x1369c</run_address>
         <size>0xd0</size>
         <input_file_ref idref="fl-7"/>
      </object_component>
      <object_component id="oc-3a4">
         <name>.text</name>
         <load_address>0x1376c</load_address>
         <run_address>0x1376c</run_address>
         <size>0xc6</size>
         <input_file_ref idref="fl-4c"/>
      </object_component>
      <object_component id="oc-4c">
         <name>.text</name>
         <load_address>0x13832</load_address>
         <run_address>0x13832</run_address>
         <size>0x9c</size>
         <input_file_ref idref="fl-34"/>
      </object_component>
      <object_component id="oc-390">
         <name>.text</name>
         <load_address>0x138ce</load_address>
         <run_address>0x138ce</run_address>
         <size>0x2</size>
         <input_file_ref idref="fl-3c"/>
      </object_component>
      <object_component id="oc-112">
         <name>.text</name>
         <load_address>0x138d0</load_address>
         <run_address>0x138d0</run_address>
         <size>0x94</size>
         <input_file_ref idref="fl-36"/>
      </object_component>
      <object_component id="oc-65">
         <name>.text</name>
         <load_address>0x13964</load_address>
         <run_address>0x13964</run_address>
         <size>0x7a</size>
         <input_file_ref idref="fl-35"/>
      </object_component>
      <object_component id="oc-88">
         <name>.text</name>
         <load_address>0x139e0</load_address>
         <run_address>0x139e0</run_address>
         <size>0x6c</size>
         <input_file_ref idref="fl-2d"/>
      </object_component>
      <object_component id="oc-58">
         <name>.text</name>
         <load_address>0x13a4c</load_address>
         <run_address>0x13a4c</run_address>
         <size>0x6a</size>
         <input_file_ref idref="fl-2f"/>
      </object_component>
      <object_component id="oc-36d">
         <name>.text</name>
         <load_address>0x13ab6</load_address>
         <run_address>0x13ab6</run_address>
         <size>0x64</size>
         <input_file_ref idref="fl-45"/>
      </object_component>
      <object_component id="oc-2d0">
         <name>.text</name>
         <load_address>0x13b1a</load_address>
         <run_address>0x13b1a</run_address>
         <size>0x56</size>
         <input_file_ref idref="fl-3e"/>
      </object_component>
      <object_component id="oc-10c">
         <name>.text</name>
         <load_address>0x13b70</load_address>
         <run_address>0x13b70</run_address>
         <size>0x50</size>
         <input_file_ref idref="fl-2c"/>
      </object_component>
      <object_component id="oc-323">
         <name>.text</name>
         <load_address>0x13bc0</load_address>
         <run_address>0x13bc0</run_address>
         <size>0x50</size>
         <input_file_ref idref="fl-38"/>
      </object_component>
      <object_component id="oc-f2">
         <name>.text</name>
         <load_address>0x13c10</load_address>
         <run_address>0x13c10</run_address>
         <size>0x4c</size>
         <input_file_ref idref="fl-31"/>
      </object_component>
      <object_component id="oc-2dc">
         <name>.text</name>
         <load_address>0x13c5c</load_address>
         <run_address>0x13c5c</run_address>
         <size>0x44</size>
         <input_file_ref idref="fl-3d"/>
      </object_component>
      <object_component id="oc-94">
         <name>.text</name>
         <load_address>0x13ca0</load_address>
         <run_address>0x13ca0</run_address>
         <size>0x40</size>
         <input_file_ref idref="fl-33"/>
      </object_component>
      <object_component id="oc-3e1">
         <name>.text</name>
         <load_address>0x13ce0</load_address>
         <run_address>0x13ce0</run_address>
         <size>0x40</size>
         <input_file_ref idref="fl-4b"/>
      </object_component>
      <object_component id="oc-2e8">
         <name>.text</name>
         <load_address>0x13d20</load_address>
         <run_address>0x13d20</run_address>
         <size>0x3c</size>
         <input_file_ref idref="fl-43"/>
      </object_component>
      <object_component id="oc-106">
         <name>.text</name>
         <load_address>0x13d5c</load_address>
         <run_address>0x13d5c</run_address>
         <size>0x36</size>
         <input_file_ref idref="fl-37"/>
      </object_component>
      <object_component id="oc-3b3">
         <name>.text</name>
         <load_address>0x13d94</load_address>
         <run_address>0x13d94</run_address>
         <size>0x34</size>
         <input_file_ref idref="fl-49"/>
      </object_component>
      <object_component id="oc-37b">
         <name>.text</name>
         <load_address>0x13dc8</load_address>
         <run_address>0x13dc8</run_address>
         <size>0x34</size>
         <input_file_ref idref="fl-46"/>
      </object_component>
      <object_component id="oc-3d3">
         <name>.text</name>
         <load_address>0x13dfc</load_address>
         <run_address>0x13dfc</run_address>
         <size>0x2e</size>
         <input_file_ref idref="fl-4a"/>
      </object_component>
      <object_component id="oc-2d6">
         <name>.text</name>
         <load_address>0x13e2a</load_address>
         <run_address>0x13e2a</run_address>
         <size>0x24</size>
         <input_file_ref idref="fl-3b"/>
      </object_component>
      <object_component id="oc-2ee">
         <name>.text</name>
         <load_address>0x13e4e</load_address>
         <run_address>0x13e4e</run_address>
         <size>0x1c</size>
         <input_file_ref idref="fl-3f"/>
      </object_component>
      <object_component id="oc-2e2">
         <name>.text</name>
         <load_address>0x13e6a</load_address>
         <run_address>0x13e6a</run_address>
         <size>0x16</size>
         <input_file_ref idref="fl-40"/>
      </object_component>
      <object_component id="oc-2ca">
         <name>.text</name>
         <load_address>0x13e80</load_address>
         <run_address>0x13e80</run_address>
         <size>0x16</size>
         <input_file_ref idref="fl-41"/>
      </object_component>
      <object_component id="oc-27f">
         <name>.text</name>
         <load_address>0x13e98</load_address>
         <run_address>0x13e98</run_address>
         <size>0x14</size>
         <input_file_ref idref="fl-39"/>
      </object_component>
      <object_component id="oc-e">
         <name>.text:decompress:none</name>
         <load_address>0x13eac</load_address>
         <run_address>0x13eac</run_address>
         <size>0xe</size>
         <input_file_ref idref="fl-2e"/>
      </object_component>
      <object_component id="oc-1a">
         <name>.text:decompress:ZI</name>
         <load_address>0x13eba</load_address>
         <run_address>0x13eba</run_address>
         <size>0xc</size>
         <input_file_ref idref="fl-30"/>
      </object_component>
      <object_component id="oc-14">
         <name>.text:decompress:rle24</name>
         <load_address>0x13ec6</load_address>
         <run_address>0x13ec6</run_address>
         <size>0x6</size>
         <input_file_ref idref="fl-2f"/>
      </object_component>
      <object_component id="oc-3a">
         <name>.text:retain</name>
         <load_address>0x13ecc</load_address>
         <run_address>0x13ecc</run_address>
         <size>0x4</size>
         <input_file_ref idref="fl-21"/>
      </object_component>
      <object_component id="oc-2c">
         <name>.const:s_vim_init</name>
         <load_address>0x13ed0</load_address>
         <run_address>0x13ed0</run_address>
         <size>0x180</size>
         <input_file_ref idref="fl-26"/>
      </object_component>
      <object_component id="oc-216">
         <name>.const:.string:_ctypes_</name>
         <load_address>0x14050</load_address>
         <run_address>0x14050</run_address>
         <size>0x101</size>
         <input_file_ref idref="fl-32"/>
      </object_component>
      <object_component id="oc-20b">
         <name>.const</name>
         <load_address>0x14154</load_address>
         <run_address>0x14154</run_address>
         <size>0x20</size>
         <input_file_ref idref="fl-2"/>
      </object_component>
      <object_component id="oc-14b">
         <name>.const</name>
         <load_address>0x14174</load_address>
         <run_address>0x14174</run_address>
         <size>0x10</size>
         <input_file_ref idref="fl-1e"/>
      </object_component>
      <object_component id="oc-2b2">
         <name>.const</name>
         <load_address>0x14184</load_address>
         <run_address>0x14184</run_address>
         <size>0x4</size>
         <input_file_ref idref="fl-d"/>
      </object_component>
      <object_component id="oc-16c">
         <name>.kernelBSS</name>
         <load_address>0x8000984</load_address>
         <run_address>0x8000984</run_address>
         <size>0x8</size>
         <input_file_ref idref="fl-10"/>
      </object_component>
      <object_component id="oc-169">
         <name>.kernelBSS:init</name>
         <load_address>0x8000948</load_address>
         <run_address>0x8000948</run_address>
         <size>0x3c</size>
         <input_file_ref idref="fl-17"/>
      </object_component>
      <object_component id="oc-24f">
         <name>.kernelBSS:uninit</name>
         <load_address>0x8000800</load_address>
         <run_address>0x8000800</run_address>
         <size>0x148</size>
         <input_file_ref idref="fl-17"/>
      </object_component>
      <object_component id="oc-355">
         <name>.kernelHEAP</name>
         <uninitialized>true</uninitialized>
         <run_address>0x8001000</run_address>
         <size>0x2000</size>
         <input_file_ref idref="fl-d"/>
      </object_component>
      <object_component id="oc-232">
         <name>.bss:g_sciTransfer_t</name>
         <uninitialized>true</uninitialized>
         <run_address>0x8003214</run_address>
         <size>0x28</size>
         <input_file_ref idref="fl-1a"/>
      </object_component>
      <object_component id="oc-239">
         <name>.common:g_i2cTransfer_t</name>
         <uninitialized>true</uninitialized>
         <run_address>0x800323c</run_address>
         <size>0xc</size>
      </object_component>
      <object_component id="oc-2b5">
         <name>.common:xStart</name>
         <uninitialized>true</uninitialized>
         <run_address>0x8003260</run_address>
         <size>0x8</size>
      </object_component>
      <object_component id="oc-146">
         <name>.common:canTaskTcb</name>
         <uninitialized>true</uninitialized>
         <run_address>0x8003274</run_address>
         <size>0x4</size>
      </object_component>
      <object_component id="oc-147">
         <name>.common:absTaskTcb</name>
         <uninitialized>true</uninitialized>
         <run_address>0x800326c</run_address>
         <size>0x4</size>
      </object_component>
      <object_component id="oc-149">
         <name>.common:uartAbsTaskTcb</name>
         <uninitialized>true</uninitialized>
         <run_address>0x800328c</run_address>
         <size>0x4</size>
      </object_component>
      <object_component id="oc-14a">
         <name>.common:uartSteerTaskTcb</name>
         <uninitialized>true</uninitialized>
         <run_address>0x8003294</run_address>
         <size>0x4</size>
      </object_component>
      <object_component id="oc-148">
         <name>.common:steerTaskTcb</name>
         <uninitialized>true</uninitialized>
         <run_address>0x8003288</run_address>
         <size>0x4</size>
      </object_component>
      <object_component id="oc-13a">
         <name>.common:rx_data</name>
         <uninitialized>true</uninitialized>
         <run_address>0x8003258</run_address>
         <size>0x8</size>
      </object_component>
      <object_component id="oc-13b">
         <name>.common:rxMbox1</name>
         <uninitialized>true</uninitialized>
         <run_address>0x8003248</run_address>
         <size>0x8</size>
      </object_component>
      <object_component id="oc-141">
         <name>.common:rxMbox2</name>
         <uninitialized>true</uninitialized>
         <run_address>0x8003250</run_address>
         <size>0x8</size>
      </object_component>
      <object_component id="oc-13c">
         <name>.common:rxIntMbox1</name>
         <uninitialized>true</uninitialized>
         <run_address>0x8003280</run_address>
         <size>0x4</size>
      </object_component>
      <object_component id="oc-142">
         <name>.common:pubSpeed</name>
         <uninitialized>true</uninitialized>
         <run_address>0x800327c</run_address>
         <size>0x4</size>
      </object_component>
      <object_component id="oc-136">
         <name>.common:canIntRxSem</name>
         <uninitialized>true</uninitialized>
         <run_address>0x8003270</run_address>
         <size>0x4</size>
      </object_component>
      <object_component id="oc-140">
         <name>.common:absSem</name>
         <uninitialized>true</uninitialized>
         <run_address>0x8003268</run_address>
         <size>0x4</size>
      </object_component>
      <object_component id="oc-143">
         <name>.common:steerSem</name>
         <uninitialized>true</uninitialized>
         <run_address>0x8003284</run_address>
         <size>0x4</size>
      </object_component>
      <object_component id="oc-144">
         <name>.common:uartAbsTxSem</name>
         <uninitialized>true</uninitialized>
         <run_address>0x8003290</run_address>
         <size>0x4</size>
      </object_component>
      <object_component id="oc-145">
         <name>.common:uartSteerTxSem</name>
         <uninitialized>true</uninitialized>
         <run_address>0x8003298</run_address>
         <size>0x4</size>
      </object_component>
      <object_component id="oc-139">
         <name>.common:mailBox</name>
         <uninitialized>true</uninitialized>
         <run_address>0x8003278</run_address>
         <size>0x4</size>
      </object_component>
      <object_component id="oc-2af">
         <name>.data</name>
         <load_address>0x80031e8</load_address>
         <run_address>0x80031e8</run_address>
         <size>0x10</size>
         <input_file_ref idref="fl-d"/>
      </object_component>
      <object_component id="oc-328">
         <name>.data</name>
         <load_address>0x8003164</load_address>
         <run_address>0x8003164</run_address>
         <size>0x4</size>
         <input_file_ref idref="fl-17"/>
      </object_component>
      <object_component id="oc-13d">
         <name>.data</name>
         <load_address>0x8003000</load_address>
         <run_address>0x8003000</run_address>
         <size>0xb4</size>
         <input_file_ref idref="fl-1e"/>
      </object_component>
      <object_component id="oc-157">
         <name>.data</name>
         <load_address>0x8003200</load_address>
         <run_address>0x8003200</run_address>
         <size>0x8</size>
         <input_file_ref idref="fl-33"/>
      </object_component>
      <object_component id="oc-154">
         <name>.data</name>
         <load_address>0x80031f8</load_address>
         <run_address>0x80031f8</run_address>
         <size>0x8</size>
         <input_file_ref idref="fl-39"/>
      </object_component>
      <object_component id="oc-3ae">
         <name>.data</name>
         <load_address>0x8003168</load_address>
         <run_address>0x8003168</run_address>
         <size>0x80</size>
         <input_file_ref idref="fl-47"/>
      </object_component>
      <object_component id="oc-3b9">
         <name>.data</name>
         <load_address>0x8003210</load_address>
         <run_address>0x8003210</run_address>
         <size>0x4</size>
         <input_file_ref idref="fl-48"/>
      </object_component>
      <object_component id="oc-3d9">
         <name>.data</name>
         <load_address>0x8003208</load_address>
         <run_address>0x8003208</run_address>
         <size>0x8</size>
         <input_file_ref idref="fl-49"/>
      </object_component>
      <object_component id="oc-3f2">
         <name>.data:sigtable</name>
         <load_address>0x80030b4</load_address>
         <run_address>0x80030b4</run_address>
         <size>0xb0</size>
         <input_file_ref idref="fl-4b"/>
      </object_component>
      <object_component id="oc-196">
         <name>.debug_info</name>
         <load_address>0x0</load_address>
         <run_address>0x0</run_address>
         <size>0x227</size>
         <input_file_ref idref="fl-2"/>
      </object_component>
      <object_component id="oc-20c">
         <name>.debug_info</name>
         <load_address>0x227</load_address>
         <run_address>0x227</run_address>
         <size>0xda</size>
         <input_file_ref idref="fl-2"/>
      </object_component>
      <object_component id="oc-101">
         <name>.debug_info</name>
         <load_address>0x301</load_address>
         <run_address>0x301</run_address>
         <size>0x1399</size>
         <input_file_ref idref="fl-2"/>
      </object_component>
      <object_component id="oc-27">
         <name>.debug_info</name>
         <load_address>0x169a</load_address>
         <run_address>0x169a</run_address>
         <size>0x1ad</size>
         <input_file_ref idref="fl-2"/>
      </object_component>
      <object_component id="oc-a2">
         <name>.debug_info</name>
         <load_address>0x1847</load_address>
         <run_address>0x1847</run_address>
         <size>0x157</size>
         <input_file_ref idref="fl-2"/>
      </object_component>
      <object_component id="oc-14f">
         <name>.debug_info</name>
         <load_address>0x199e</load_address>
         <run_address>0x199e</run_address>
         <size>0x8b</size>
         <input_file_ref idref="fl-2"/>
      </object_component>
      <object_component id="oc-b8">
         <name>.debug_info</name>
         <load_address>0x1a29</load_address>
         <run_address>0x1a29</run_address>
         <size>0x18c</size>
         <input_file_ref idref="fl-2"/>
      </object_component>
      <object_component id="oc-164">
         <name>.debug_info</name>
         <load_address>0x1bb5</load_address>
         <run_address>0x1bb5</run_address>
         <size>0x18b</size>
         <input_file_ref idref="fl-2"/>
      </object_component>
      <object_component id="oc-bd">
         <name>.debug_info</name>
         <load_address>0x1d40</load_address>
         <run_address>0x1d40</run_address>
         <size>0x86</size>
         <input_file_ref idref="fl-2"/>
      </object_component>
      <object_component id="oc-228">
         <name>.debug_info</name>
         <load_address>0x1dc6</load_address>
         <run_address>0x1dc6</run_address>
         <size>0x4e</size>
         <input_file_ref idref="fl-2"/>
      </object_component>
      <object_component id="oc-1aa">
         <name>.debug_info</name>
         <load_address>0x1e14</load_address>
         <run_address>0x1e14</run_address>
         <size>0x437</size>
         <input_file_ref idref="fl-2"/>
      </object_component>
      <object_component id="oc-20f">
         <name>.debug_info</name>
         <load_address>0x224b</load_address>
         <run_address>0x224b</run_address>
         <size>0x15f</size>
         <input_file_ref idref="fl-2"/>
      </object_component>
      <object_component id="oc-18b">
         <name>.debug_info</name>
         <load_address>0x23aa</load_address>
         <run_address>0x23aa</run_address>
         <size>0x2cf</size>
         <input_file_ref idref="fl-2"/>
      </object_component>
      <object_component id="oc-b1">
         <name>.debug_info</name>
         <load_address>0x2679</load_address>
         <run_address>0x2679</run_address>
         <size>0xf8</size>
         <input_file_ref idref="fl-3"/>
      </object_component>
      <object_component id="oc-f1">
         <name>.debug_info</name>
         <load_address>0x2771</load_address>
         <run_address>0x2771</run_address>
         <size>0x168</size>
         <input_file_ref idref="fl-4"/>
      </object_component>
      <object_component id="oc-83">
         <name>.debug_info</name>
         <load_address>0x28d9</load_address>
         <run_address>0x28d9</run_address>
         <size>0xb1d</size>
         <input_file_ref idref="fl-4"/>
      </object_component>
      <object_component id="oc-30">
         <name>.debug_info</name>
         <load_address>0x33f6</load_address>
         <run_address>0x33f6</run_address>
         <size>0x17d</size>
         <input_file_ref idref="fl-4"/>
      </object_component>
      <object_component id="oc-172">
         <name>.debug_info</name>
         <load_address>0x3573</load_address>
         <run_address>0x3573</run_address>
         <size>0x1de</size>
         <input_file_ref idref="fl-4"/>
      </object_component>
      <object_component id="oc-ec">
         <name>.debug_info</name>
         <load_address>0x3751</load_address>
         <run_address>0x3751</run_address>
         <size>0x129</size>
         <input_file_ref idref="fl-4"/>
      </object_component>
      <object_component id="oc-238">
         <name>.debug_info</name>
         <load_address>0x387a</load_address>
         <run_address>0x387a</run_address>
         <size>0xeb</size>
         <input_file_ref idref="fl-5"/>
      </object_component>
      <object_component id="oc-11f">
         <name>.debug_info</name>
         <load_address>0x3965</load_address>
         <run_address>0x3965</run_address>
         <size>0x6d5</size>
         <input_file_ref idref="fl-5"/>
      </object_component>
      <object_component id="oc-17c">
         <name>.debug_info</name>
         <load_address>0x403a</load_address>
         <run_address>0x403a</run_address>
         <size>0x1f9</size>
         <input_file_ref idref="fl-5"/>
      </object_component>
      <object_component id="oc-312">
         <name>.debug_info</name>
         <load_address>0x4233</load_address>
         <run_address>0x4233</run_address>
         <size>0x12a</size>
         <input_file_ref idref="fl-5"/>
      </object_component>
      <object_component id="oc-23a">
         <name>.debug_info</name>
         <load_address>0x435d</load_address>
         <run_address>0x435d</run_address>
         <size>0x124</size>
         <input_file_ref idref="fl-6"/>
      </object_component>
      <object_component id="oc-125">
         <name>.debug_info</name>
         <load_address>0x4481</load_address>
         <run_address>0x4481</run_address>
         <size>0xfaf</size>
         <input_file_ref idref="fl-6"/>
      </object_component>
      <object_component id="oc-31e">
         <name>.debug_info</name>
         <load_address>0x5430</load_address>
         <run_address>0x5430</run_address>
         <size>0x77</size>
         <input_file_ref idref="fl-6"/>
      </object_component>
      <object_component id="oc-262">
         <name>.debug_info</name>
         <load_address>0x54a7</load_address>
         <run_address>0x54a7</run_address>
         <size>0x2e2</size>
         <input_file_ref idref="fl-6"/>
      </object_component>
      <object_component id="oc-319">
         <name>.debug_info</name>
         <load_address>0x5789</load_address>
         <run_address>0x5789</run_address>
         <size>0x34f</size>
         <input_file_ref idref="fl-6"/>
      </object_component>
      <object_component id="oc-15e">
         <name>.debug_info</name>
         <load_address>0x5ad8</load_address>
         <run_address>0x5ad8</run_address>
         <size>0x2df</size>
         <input_file_ref idref="fl-7"/>
      </object_component>
      <object_component id="oc-9c">
         <name>.debug_info</name>
         <load_address>0x5db7</load_address>
         <run_address>0x5db7</run_address>
         <size>0x9af</size>
         <input_file_ref idref="fl-7"/>
      </object_component>
      <object_component id="oc-19b">
         <name>.debug_info</name>
         <load_address>0x6766</load_address>
         <run_address>0x6766</run_address>
         <size>0x60e</size>
         <input_file_ref idref="fl-7"/>
      </object_component>
      <object_component id="oc-1a0">
         <name>.debug_info</name>
         <load_address>0x6d74</load_address>
         <run_address>0x6d74</run_address>
         <size>0x4de</size>
         <input_file_ref idref="fl-7"/>
      </object_component>
      <object_component id="oc-1a5">
         <name>.debug_info</name>
         <load_address>0x7252</load_address>
         <run_address>0x7252</run_address>
         <size>0x3ce</size>
         <input_file_ref idref="fl-7"/>
      </object_component>
      <object_component id="oc-28f">
         <name>.debug_info</name>
         <load_address>0x7620</load_address>
         <run_address>0x7620</run_address>
         <size>0x7cd</size>
         <input_file_ref idref="fl-7"/>
      </object_component>
      <object_component id="oc-15f">
         <name>.debug_info</name>
         <load_address>0x7ded</load_address>
         <run_address>0x7ded</run_address>
         <size>0x673</size>
         <input_file_ref idref="fl-7"/>
      </object_component>
      <object_component id="oc-d3">
         <name>.debug_info</name>
         <load_address>0x8460</load_address>
         <run_address>0x8460</run_address>
         <size>0x2c</size>
         <input_file_ref idref="fl-7"/>
      </object_component>
      <object_component id="oc-1d5">
         <name>.debug_info</name>
         <load_address>0x848c</load_address>
         <run_address>0x848c</run_address>
         <size>0x37b</size>
         <input_file_ref idref="fl-7"/>
      </object_component>
      <object_component id="oc-1af">
         <name>.debug_info</name>
         <load_address>0x8807</load_address>
         <run_address>0x8807</run_address>
         <size>0x1ca</size>
         <input_file_ref idref="fl-7"/>
      </object_component>
      <object_component id="oc-177">
         <name>.debug_info</name>
         <load_address>0x89d1</load_address>
         <run_address>0x89d1</run_address>
         <size>0x435</size>
         <input_file_ref idref="fl-7"/>
      </object_component>
      <object_component id="oc-1c8">
         <name>.debug_info</name>
         <load_address>0x8e06</load_address>
         <run_address>0x8e06</run_address>
         <size>0x551</size>
         <input_file_ref idref="fl-7"/>
      </object_component>
      <object_component id="oc-1b4">
         <name>.debug_info</name>
         <load_address>0x9357</load_address>
         <run_address>0x9357</run_address>
         <size>0x3d3</size>
         <input_file_ref idref="fl-7"/>
      </object_component>
      <object_component id="oc-1be">
         <name>.debug_info</name>
         <load_address>0x972a</load_address>
         <run_address>0x972a</run_address>
         <size>0x1de</size>
         <input_file_ref idref="fl-7"/>
      </object_component>
      <object_component id="oc-267">
         <name>.debug_info</name>
         <load_address>0x9908</load_address>
         <run_address>0x9908</run_address>
         <size>0x243</size>
         <input_file_ref idref="fl-7"/>
      </object_component>
      <object_component id="oc-30b">
         <name>.debug_info</name>
         <load_address>0x9b4b</load_address>
         <run_address>0x9b4b</run_address>
         <size>0x18e</size>
         <input_file_ref idref="fl-7"/>
      </object_component>
      <object_component id="oc-1cd">
         <name>.debug_info</name>
         <load_address>0x9cd9</load_address>
         <run_address>0x9cd9</run_address>
         <size>0x17a</size>
         <input_file_ref idref="fl-7"/>
      </object_component>
      <object_component id="oc-181">
         <name>.debug_info</name>
         <load_address>0x9e53</load_address>
         <run_address>0x9e53</run_address>
         <size>0x6a6</size>
         <input_file_ref idref="fl-7"/>
      </object_component>
      <object_component id="oc-186">
         <name>.debug_info</name>
         <load_address>0xa4f9</load_address>
         <run_address>0xa4f9</run_address>
         <size>0x13e</size>
         <input_file_ref idref="fl-7"/>
      </object_component>
      <object_component id="oc-2b9">
         <name>.debug_info</name>
         <load_address>0xa637</load_address>
         <run_address>0xa637</run_address>
         <size>0x195</size>
         <input_file_ref idref="fl-8"/>
      </object_component>
      <object_component id="oc-1fc">
         <name>.debug_info</name>
         <load_address>0xa7cc</load_address>
         <run_address>0xa7cc</run_address>
         <size>0x3ab</size>
         <input_file_ref idref="fl-8"/>
      </object_component>
      <object_component id="oc-256">
         <name>.debug_info</name>
         <load_address>0xab77</load_address>
         <run_address>0xab77</run_address>
         <size>0x110</size>
         <input_file_ref idref="fl-8"/>
      </object_component>
      <object_component id="oc-1f1">
         <name>.debug_info</name>
         <load_address>0xac87</load_address>
         <run_address>0xac87</run_address>
         <size>0xe1</size>
         <input_file_ref idref="fl-8"/>
      </object_component>
      <object_component id="oc-25d">
         <name>.debug_info</name>
         <load_address>0xad68</load_address>
         <run_address>0xad68</run_address>
         <size>0xfe</size>
         <input_file_ref idref="fl-8"/>
      </object_component>
      <object_component id="oc-cb">
         <name>.debug_info</name>
         <load_address>0xae66</load_address>
         <run_address>0xae66</run_address>
         <size>0x84</size>
         <input_file_ref idref="fl-8"/>
      </object_component>
      <object_component id="oc-33f">
         <name>.debug_info</name>
         <load_address>0xaeea</load_address>
         <run_address>0xaeea</run_address>
         <size>0x46</size>
         <input_file_ref idref="fl-8"/>
      </object_component>
      <object_component id="oc-1f6">
         <name>.debug_info</name>
         <load_address>0xaf30</load_address>
         <run_address>0xaf30</run_address>
         <size>0x2c</size>
         <input_file_ref idref="fl-8"/>
      </object_component>
      <object_component id="oc-26c">
         <name>.debug_info</name>
         <load_address>0xaf5c</load_address>
         <run_address>0xaf5c</run_address>
         <size>0x14c</size>
         <input_file_ref idref="fl-8"/>
      </object_component>
      <object_component id="oc-206">
         <name>.debug_info</name>
         <load_address>0xb0a8</load_address>
         <run_address>0xb0a8</run_address>
         <size>0x46</size>
         <input_file_ref idref="fl-9"/>
      </object_component>
      <object_component id="oc-2b6">
         <name>.debug_info</name>
         <load_address>0xb0ee</load_address>
         <run_address>0xb0ee</run_address>
         <size>0x225</size>
         <input_file_ref idref="fl-d"/>
      </object_component>
      <object_component id="oc-356">
         <name>.debug_info</name>
         <load_address>0xb313</load_address>
         <run_address>0xb313</run_address>
         <size>0xce</size>
         <input_file_ref idref="fl-d"/>
      </object_component>
      <object_component id="oc-2b3">
         <name>.debug_info</name>
         <load_address>0xb3e1</load_address>
         <run_address>0xb3e1</run_address>
         <size>0xe0</size>
         <input_file_ref idref="fl-d"/>
      </object_component>
      <object_component id="oc-2b0">
         <name>.debug_info</name>
         <load_address>0xb4c1</load_address>
         <run_address>0xb4c1</run_address>
         <size>0x182</size>
         <input_file_ref idref="fl-d"/>
      </object_component>
      <object_component id="oc-1eb">
         <name>.debug_info</name>
         <load_address>0xb643</load_address>
         <run_address>0xb643</run_address>
         <size>0x52b</size>
         <input_file_ref idref="fl-d"/>
      </object_component>
      <object_component id="oc-2aa">
         <name>.debug_info</name>
         <load_address>0xbb6e</load_address>
         <run_address>0xbb6e</run_address>
         <size>0x2a5</size>
         <input_file_ref idref="fl-d"/>
      </object_component>
      <object_component id="oc-35f">
         <name>.debug_info</name>
         <load_address>0xbe13</load_address>
         <run_address>0xbe13</run_address>
         <size>0x70</size>
         <input_file_ref idref="fl-d"/>
      </object_component>
      <object_component id="oc-33a">
         <name>.debug_info</name>
         <load_address>0xbe83</load_address>
         <run_address>0xbe83</run_address>
         <size>0x133</size>
         <input_file_ref idref="fl-e"/>
      </object_component>
      <object_component id="oc-24a">
         <name>.debug_info</name>
         <load_address>0xbfb6</load_address>
         <run_address>0xbfb6</run_address>
         <size>0x4ac</size>
         <input_file_ref idref="fl-e"/>
      </object_component>
      <object_component id="oc-1fb">
         <name>.debug_info</name>
         <load_address>0xc462</load_address>
         <run_address>0xc462</run_address>
         <size>0x78d</size>
         <input_file_ref idref="fl-f"/>
      </object_component>
      <object_component id="oc-fb">
         <name>.debug_info</name>
         <load_address>0xcbef</load_address>
         <run_address>0xcbef</run_address>
         <size>0x219e</size>
         <input_file_ref idref="fl-f"/>
      </object_component>
      <object_component id="oc-201">
         <name>.debug_info</name>
         <load_address>0xed8d</load_address>
         <run_address>0xed8d</run_address>
         <size>0x46</size>
         <input_file_ref idref="fl-f"/>
      </object_component>
      <object_component id="oc-338">
         <name>.debug_info</name>
         <load_address>0xedd3</load_address>
         <run_address>0xedd3</run_address>
         <size>0x25d</size>
         <input_file_ref idref="fl-10"/>
      </object_component>
      <object_component id="oc-16d">
         <name>.debug_info</name>
         <load_address>0xf030</load_address>
         <run_address>0xf030</run_address>
         <size>0x11c</size>
         <input_file_ref idref="fl-10"/>
      </object_component>
      <object_component id="oc-244">
         <name>.debug_info</name>
         <load_address>0xf14c</load_address>
         <run_address>0xf14c</run_address>
         <size>0x5ae</size>
         <input_file_ref idref="fl-10"/>
      </object_component>
      <object_component id="oc-332">
         <name>.debug_info</name>
         <load_address>0xf6fa</load_address>
         <run_address>0xf6fa</run_address>
         <size>0x354</size>
         <input_file_ref idref="fl-10"/>
      </object_component>
      <object_component id="oc-a8">
         <name>.debug_info</name>
         <load_address>0xfa4e</load_address>
         <run_address>0xfa4e</run_address>
         <size>0x4d9</size>
         <input_file_ref idref="fl-11"/>
      </object_component>
      <object_component id="oc-255">
         <name>.debug_info</name>
         <load_address>0xff27</load_address>
         <run_address>0xff27</run_address>
         <size>0x4dd</size>
         <input_file_ref idref="fl-12"/>
      </object_component>
      <object_component id="oc-131">
         <name>.debug_info</name>
         <load_address>0x10404</load_address>
         <run_address>0x10404</run_address>
         <size>0x2085</size>
         <input_file_ref idref="fl-12"/>
      </object_component>
      <object_component id="oc-346">
         <name>.debug_info</name>
         <load_address>0x12489</load_address>
         <run_address>0x12489</run_address>
         <size>0x163</size>
         <input_file_ref idref="fl-12"/>
      </object_component>
      <object_component id="oc-253">
         <name>.debug_info</name>
         <load_address>0x125ec</load_address>
         <run_address>0x125ec</run_address>
         <size>0x615</size>
         <input_file_ref idref="fl-17"/>
      </object_component>
      <object_component id="oc-329">
         <name>.debug_info</name>
         <load_address>0x12c01</load_address>
         <run_address>0x12c01</run_address>
         <size>0xd9</size>
         <input_file_ref idref="fl-17"/>
      </object_component>
      <object_component id="oc-16a">
         <name>.debug_info</name>
         <load_address>0x12cda</load_address>
         <run_address>0x12cda</run_address>
         <size>0x376</size>
         <input_file_ref idref="fl-17"/>
      </object_component>
      <object_component id="oc-250">
         <name>.debug_info</name>
         <load_address>0x13050</load_address>
         <run_address>0x13050</run_address>
         <size>0x2a1</size>
         <input_file_ref idref="fl-17"/>
      </object_component>
      <object_component id="oc-12b">
         <name>.debug_info</name>
         <load_address>0x132f1</load_address>
         <run_address>0x132f1</run_address>
         <size>0x3103</size>
         <input_file_ref idref="fl-17"/>
      </object_component>
      <object_component id="oc-23e">
         <name>.debug_info</name>
         <load_address>0x163f4</load_address>
         <run_address>0x163f4</run_address>
         <size>0x1748</size>
         <input_file_ref idref="fl-17"/>
      </object_component>
      <object_component id="oc-32c">
         <name>.debug_info</name>
         <load_address>0x17b3c</load_address>
         <run_address>0x17b3c</run_address>
         <size>0x193</size>
         <input_file_ref idref="fl-17"/>
      </object_component>
      <object_component id="oc-198">
         <name>.debug_info</name>
         <load_address>0x17ccf</load_address>
         <run_address>0x17ccf</run_address>
         <size>0x11e</size>
         <input_file_ref idref="fl-19"/>
      </object_component>
      <object_component id="oc-dd">
         <name>.debug_info</name>
         <load_address>0x17ded</load_address>
         <run_address>0x17ded</run_address>
         <size>0x1d7</size>
         <input_file_ref idref="fl-19"/>
      </object_component>
      <object_component id="oc-1b9">
         <name>.debug_info</name>
         <load_address>0x17fc4</load_address>
         <run_address>0x17fc4</run_address>
         <size>0x3a4</size>
         <input_file_ref idref="fl-19"/>
      </object_component>
      <object_component id="oc-29c">
         <name>.debug_info</name>
         <load_address>0x18368</load_address>
         <run_address>0x18368</run_address>
         <size>0x2c7</size>
         <input_file_ref idref="fl-19"/>
      </object_component>
      <object_component id="oc-236">
         <name>.debug_info</name>
         <load_address>0x1862f</load_address>
         <run_address>0x1862f</run_address>
         <size>0x117</size>
         <input_file_ref idref="fl-1a"/>
      </object_component>
      <object_component id="oc-233">
         <name>.debug_info</name>
         <load_address>0x18746</load_address>
         <run_address>0x18746</run_address>
         <size>0xdc</size>
         <input_file_ref idref="fl-1a"/>
      </object_component>
      <object_component id="oc-119">
         <name>.debug_info</name>
         <load_address>0x18822</load_address>
         <run_address>0x18822</run_address>
         <size>0xbe3</size>
         <input_file_ref idref="fl-1a"/>
      </object_component>
      <object_component id="oc-306">
         <name>.debug_info</name>
         <load_address>0x19405</load_address>
         <run_address>0x19405</run_address>
         <size>0x9f</size>
         <input_file_ref idref="fl-1a"/>
      </object_component>
      <object_component id="oc-72">
         <name>.debug_info</name>
         <load_address>0x194a4</load_address>
         <run_address>0x194a4</run_address>
         <size>0x7ed</size>
         <input_file_ref idref="fl-1b"/>
      </object_component>
      <object_component id="oc-36">
         <name>.debug_info</name>
         <load_address>0x19c91</load_address>
         <run_address>0x19c91</run_address>
         <size>0x100</size>
         <input_file_ref idref="fl-1d"/>
      </object_component>
      <object_component id="oc-137">
         <name>.debug_info</name>
         <load_address>0x19d91</load_address>
         <run_address>0x19d91</run_address>
         <size>0xcb2</size>
         <input_file_ref idref="fl-1e"/>
      </object_component>
      <object_component id="oc-13e">
         <name>.debug_info</name>
         <load_address>0x1aa43</load_address>
         <run_address>0x1aa43</run_address>
         <size>0x217</size>
         <input_file_ref idref="fl-1e"/>
      </object_component>
      <object_component id="oc-14c">
         <name>.debug_info</name>
         <load_address>0x1ac5a</load_address>
         <run_address>0x1ac5a</run_address>
         <size>0xd2</size>
         <input_file_ref idref="fl-1e"/>
      </object_component>
      <object_component id="oc-8f">
         <name>.debug_info</name>
         <load_address>0x1ad2c</load_address>
         <run_address>0x1ad2c</run_address>
         <size>0x11fb</size>
         <input_file_ref idref="fl-1e"/>
      </object_component>
      <object_component id="oc-276">
         <name>.debug_info</name>
         <load_address>0x1bf27</load_address>
         <run_address>0x1bf27</run_address>
         <size>0xc8</size>
         <input_file_ref idref="fl-1e"/>
      </object_component>
      <object_component id="oc-271">
         <name>.debug_info</name>
         <load_address>0x1bfef</load_address>
         <run_address>0x1bfef</run_address>
         <size>0x2c</size>
         <input_file_ref idref="fl-1e"/>
      </object_component>
      <object_component id="oc-2a1">
         <name>.debug_info</name>
         <load_address>0x1c01b</load_address>
         <run_address>0x1c01b</run_address>
         <size>0xf1</size>
         <input_file_ref idref="fl-20"/>
      </object_component>
      <object_component id="oc-350">
         <name>.debug_info</name>
         <load_address>0x1c10c</load_address>
         <run_address>0x1c10c</run_address>
         <size>0x242</size>
         <input_file_ref idref="fl-20"/>
      </object_component>
      <object_component id="oc-1c3">
         <name>.debug_info</name>
         <load_address>0x1c34e</load_address>
         <run_address>0x1c34e</run_address>
         <size>0x2af</size>
         <input_file_ref idref="fl-20"/>
      </object_component>
      <object_component id="oc-3b">
         <name>.debug_info</name>
         <load_address>0x1c5fd</load_address>
         <run_address>0x1c5fd</run_address>
         <size>0x12e</size>
         <input_file_ref idref="fl-21"/>
      </object_component>
      <object_component id="oc-e5">
         <name>.debug_info</name>
         <load_address>0x1c72b</load_address>
         <run_address>0x1c72b</run_address>
         <size>0x360</size>
         <input_file_ref idref="fl-23"/>
      </object_component>
      <object_component id="oc-ea">
         <name>.debug_info</name>
         <load_address>0x1ca8b</load_address>
         <run_address>0x1ca8b</run_address>
         <size>0x4ae</size>
         <input_file_ref idref="fl-24"/>
      </object_component>
      <object_component id="oc-7d">
         <name>.debug_info</name>
         <load_address>0x1cf39</load_address>
         <run_address>0x1cf39</run_address>
         <size>0x2e80</size>
         <input_file_ref idref="fl-24"/>
      </object_component>
      <object_component id="oc-21">
         <name>.debug_info</name>
         <load_address>0x1fdb9</load_address>
         <run_address>0x1fdb9</run_address>
         <size>0x5b3</size>
         <input_file_ref idref="fl-25"/>
      </object_component>
      <object_component id="oc-ae">
         <name>.debug_info</name>
         <load_address>0x2036c</load_address>
         <run_address>0x2036c</run_address>
         <size>0x32d</size>
         <input_file_ref idref="fl-26"/>
      </object_component>
      <object_component id="oc-2d">
         <name>.debug_info</name>
         <load_address>0x20699</load_address>
         <run_address>0x20699</run_address>
         <size>0xd6</size>
         <input_file_ref idref="fl-26"/>
      </object_component>
      <object_component id="oc-42">
         <name>.debug_info</name>
         <load_address>0x2076f</load_address>
         <run_address>0x2076f</run_address>
         <size>0x468</size>
         <input_file_ref idref="fl-26"/>
      </object_component>
      <object_component id="oc-47">
         <name>.debug_info</name>
         <load_address>0x20bd7</load_address>
         <run_address>0x20bd7</run_address>
         <size>0x1f1</size>
         <input_file_ref idref="fl-26"/>
      </object_component>
      <object_component id="oc-190">
         <name>.debug_info</name>
         <load_address>0x20dc8</load_address>
         <run_address>0x20dc8</run_address>
         <size>0x5d</size>
         <input_file_ref idref="fl-26"/>
      </object_component>
      <object_component id="oc-e3">
         <name>.debug_info</name>
         <load_address>0x20e25</load_address>
         <run_address>0x20e25</run_address>
         <size>0x35b</size>
         <input_file_ref idref="fl-27"/>
      </object_component>
      <object_component id="oc-77">
         <name>.debug_info</name>
         <load_address>0x21180</load_address>
         <run_address>0x21180</run_address>
         <size>0x727</size>
         <input_file_ref idref="fl-27"/>
      </object_component>
      <object_component id="oc-21a">
         <name>.debug_info</name>
         <load_address>0x218a7</load_address>
         <run_address>0x218a7</run_address>
         <size>0x10f</size>
         <input_file_ref idref="fl-2c"/>
      </object_component>
      <object_component id="oc-10e">
         <name>.debug_info</name>
         <load_address>0x219b6</load_address>
         <run_address>0x219b6</run_address>
         <size>0x16c</size>
         <input_file_ref idref="fl-2c"/>
      </object_component>
      <object_component id="oc-f9">
         <name>.debug_info</name>
         <load_address>0x21b22</load_address>
         <run_address>0x21b22</run_address>
         <size>0x2b8</size>
         <input_file_ref idref="fl-2d"/>
      </object_component>
      <object_component id="oc-89">
         <name>.debug_info</name>
         <load_address>0x21dda</load_address>
         <run_address>0x21dda</run_address>
         <size>0x172</size>
         <input_file_ref idref="fl-2d"/>
      </object_component>
      <object_component id="oc-1e0">
         <name>.debug_info</name>
         <load_address>0x21f4c</load_address>
         <run_address>0x21f4c</run_address>
         <size>0x39</size>
         <input_file_ref idref="fl-2d"/>
      </object_component>
      <object_component id="oc-1e5">
         <name>.debug_info</name>
         <load_address>0x21f85</load_address>
         <run_address>0x21f85</run_address>
         <size>0xcd</size>
         <input_file_ref idref="fl-2d"/>
      </object_component>
      <object_component id="oc-57">
         <name>.debug_info</name>
         <load_address>0x22052</load_address>
         <run_address>0x22052</run_address>
         <size>0x136</size>
         <input_file_ref idref="fl-2e"/>
      </object_component>
      <object_component id="oc-12">
         <name>.debug_info</name>
         <load_address>0x22188</load_address>
         <run_address>0x22188</run_address>
         <size>0x1c5</size>
         <input_file_ref idref="fl-2e"/>
      </object_component>
      <object_component id="oc-52">
         <name>.debug_info</name>
         <load_address>0x2234d</load_address>
         <run_address>0x2234d</run_address>
         <size>0x46</size>
         <input_file_ref idref="fl-2e"/>
      </object_component>
      <object_component id="oc-c4">
         <name>.debug_info</name>
         <load_address>0x22393</load_address>
         <run_address>0x22393</run_address>
         <size>0x2c</size>
         <input_file_ref idref="fl-2e"/>
      </object_component>
      <object_component id="oc-5f">
         <name>.debug_info</name>
         <load_address>0x223bf</load_address>
         <run_address>0x223bf</run_address>
         <size>0x12f</size>
         <input_file_ref idref="fl-2f"/>
      </object_component>
      <object_component id="oc-59">
         <name>.debug_info</name>
         <load_address>0x224ee</load_address>
         <run_address>0x224ee</run_address>
         <size>0x242</size>
         <input_file_ref idref="fl-2f"/>
      </object_component>
      <object_component id="oc-15">
         <name>.debug_info</name>
         <load_address>0x22730</load_address>
         <run_address>0x22730</run_address>
         <size>0x1ac</size>
         <input_file_ref idref="fl-2f"/>
      </object_component>
      <object_component id="oc-60">
         <name>.debug_info</name>
         <load_address>0x228dc</load_address>
         <run_address>0x228dc</run_address>
         <size>0x39</size>
         <input_file_ref idref="fl-2f"/>
      </object_component>
      <object_component id="oc-70">
         <name>.debug_info</name>
         <load_address>0x22915</load_address>
         <run_address>0x22915</run_address>
         <size>0x12a</size>
         <input_file_ref idref="fl-30"/>
      </object_component>
      <object_component id="oc-1b">
         <name>.debug_info</name>
         <load_address>0x22a3f</load_address>
         <run_address>0x22a3f</run_address>
         <size>0x1a5</size>
         <input_file_ref idref="fl-30"/>
      </object_component>
      <object_component id="oc-6b">
         <name>.debug_info</name>
         <load_address>0x22be4</load_address>
         <run_address>0x22be4</run_address>
         <size>0x46</size>
         <input_file_ref idref="fl-30"/>
      </object_component>
      <object_component id="oc-1dd">
         <name>.debug_info</name>
         <load_address>0x22c2a</load_address>
         <run_address>0x22c2a</run_address>
         <size>0x1db</size>
         <input_file_ref idref="fl-31"/>
      </object_component>
      <object_component id="oc-f4">
         <name>.debug_info</name>
         <load_address>0x22e05</load_address>
         <run_address>0x22e05</run_address>
         <size>0x17e</size>
         <input_file_ref idref="fl-31"/>
      </object_component>
      <object_component id="oc-2a4">
         <name>.debug_info</name>
         <load_address>0x22f83</load_address>
         <run_address>0x22f83</run_address>
         <size>0x2c</size>
         <input_file_ref idref="fl-31"/>
      </object_component>
      <object_component id="oc-2c2">
         <name>.debug_info</name>
         <load_address>0x22faf</load_address>
         <run_address>0x22faf</run_address>
         <size>0xe9</size>
         <input_file_ref idref="fl-32"/>
      </object_component>
      <object_component id="oc-217">
         <name>.debug_info</name>
         <load_address>0x23098</load_address>
         <run_address>0x23098</run_address>
         <size>0xf5</size>
         <input_file_ref idref="fl-32"/>
      </object_component>
      <object_component id="oc-15b">
         <name>.debug_info</name>
         <load_address>0x2318d</load_address>
         <run_address>0x2318d</run_address>
         <size>0x18c</size>
         <input_file_ref idref="fl-33"/>
      </object_component>
      <object_component id="oc-158">
         <name>.debug_info</name>
         <load_address>0x23319</load_address>
         <run_address>0x23319</run_address>
         <size>0x131</size>
         <input_file_ref idref="fl-33"/>
      </object_component>
      <object_component id="oc-95">
         <name>.debug_info</name>
         <load_address>0x2344a</load_address>
         <run_address>0x2344a</run_address>
         <size>0x208</size>
         <input_file_ref idref="fl-33"/>
      </object_component>
      <object_component id="oc-4d">
         <name>.debug_info</name>
         <load_address>0x23652</load_address>
         <run_address>0x23652</run_address>
         <size>0x110</size>
         <input_file_ref idref="fl-34"/>
      </object_component>
      <object_component id="oc-66">
         <name>.debug_info</name>
         <load_address>0x23762</load_address>
         <run_address>0x23762</run_address>
         <size>0x13e</size>
         <input_file_ref idref="fl-35"/>
      </object_component>
      <object_component id="oc-222">
         <name>.debug_info</name>
         <load_address>0x238a0</load_address>
         <run_address>0x238a0</run_address>
         <size>0x1bd</size>
         <input_file_ref idref="fl-36"/>
      </object_component>
      <object_component id="oc-113">
         <name>.debug_info</name>
         <load_address>0x23a5d</load_address>
         <run_address>0x23a5d</run_address>
         <size>0x339</size>
         <input_file_ref idref="fl-36"/>
      </object_component>
      <object_component id="oc-223">
         <name>.debug_info</name>
         <load_address>0x23d96</load_address>
         <run_address>0x23d96</run_address>
         <size>0x2c</size>
         <input_file_ref idref="fl-36"/>
      </object_component>
      <object_component id="oc-22d">
         <name>.debug_info</name>
         <load_address>0x23dc2</load_address>
         <run_address>0x23dc2</run_address>
         <size>0x69</size>
         <input_file_ref idref="fl-36"/>
      </object_component>
      <object_component id="oc-215">
         <name>.debug_info</name>
         <load_address>0x23e2b</load_address>
         <run_address>0x23e2b</run_address>
         <size>0xf1</size>
         <input_file_ref idref="fl-37"/>
      </object_component>
      <object_component id="oc-107">
         <name>.debug_info</name>
         <load_address>0x23f1c</load_address>
         <run_address>0x23f1c</run_address>
         <size>0x254</size>
         <input_file_ref idref="fl-37"/>
      </object_component>
      <object_component id="oc-324">
         <name>.debug_info</name>
         <load_address>0x24170</load_address>
         <run_address>0x24170</run_address>
         <size>0x148</size>
         <input_file_ref idref="fl-38"/>
      </object_component>
      <object_component id="oc-287">
         <name>.debug_info</name>
         <load_address>0x242b8</load_address>
         <run_address>0x242b8</run_address>
         <size>0x11f</size>
         <input_file_ref idref="fl-39"/>
      </object_component>
      <object_component id="oc-155">
         <name>.debug_info</name>
         <load_address>0x243d7</load_address>
         <run_address>0x243d7</run_address>
         <size>0x10e</size>
         <input_file_ref idref="fl-39"/>
      </object_component>
      <object_component id="oc-280">
         <name>.debug_info</name>
         <load_address>0x244e5</load_address>
         <run_address>0x244e5</run_address>
         <size>0x21a</size>
         <input_file_ref idref="fl-39"/>
      </object_component>
      <object_component id="oc-2f5">
         <name>.debug_info</name>
         <load_address>0x246ff</load_address>
         <run_address>0x246ff</run_address>
         <size>0x352</size>
         <input_file_ref idref="fl-3a"/>
      </object_component>
      <object_component id="oc-21c">
         <name>.debug_info</name>
         <load_address>0x24a51</load_address>
         <run_address>0x24a51</run_address>
         <size>0x1407</size>
         <input_file_ref idref="fl-3a"/>
      </object_component>
      <object_component id="oc-2f6">
         <name>.debug_info</name>
         <load_address>0x25e58</load_address>
         <run_address>0x25e58</run_address>
         <size>0x86</size>
         <input_file_ref idref="fl-3a"/>
      </object_component>
      <object_component id="oc-38b">
         <name>.debug_info</name>
[...]
         <value>0x8174</value>
         <object_component_ref idref="oc-7c"/>
      </symbol>
      <symbol id="sm-a9c">
         <name>stcSelfCheck</name>
         <value>0x81b8</value>
         <object_component_ref idref="oc-7c"/>
      </symbol>
      <symbol id="sm-a9d">
         <name>efcGetConfigValue</name>
         <value>0xa660</value>
         <object_component_ref idref="oc-7c"/>
      </symbol>
      <symbol id="sm-a9e">
         <name>can2ParityCheck</name>
         <value>0x94e8</value>
         <object_component_ref idref="oc-7c"/>
      </symbol>
      <symbol id="sm-a9f">
         <name>het1ParityCheck</name>
         <value>0x8f58</value>
         <object_component_ref idref="oc-7c"/>
      </symbol>
      <symbol id="sm-aa0">
         <name>adc1ParityCheck</name>
         <value>0x926c</value>
         <object_component_ref idref="oc-7c"/>
      </symbol>
      <symbol id="sm-aa1">
         <name>checkefcSelfTest</name>
         <value>0x87bc</value>
         <object_component_ref idref="oc-7c"/>
      </symbol>
      <symbol id="sm-aa2">
         <name>checkRAMECC</name>
         <value>0x99d0</value>
         <object_component_ref idref="oc-7c"/>
      </symbol>
      <symbol id="sm-aa3">
         <name>stcSelfCheckFail</name>
         <value>0x8df8</value>
         <object_component_ref idref="oc-7c"/>
      </symbol>
      <symbol id="sm-aa4">
         <name>ccmSelfCheck</name>
         <value>0x8030</value>
         <object_component_ref idref="oc-7c"/>
      </symbol>
      <symbol id="sm-aa5">
         <name>efcCheck</name>
         <value>0x8660</value>
         <object_component_ref idref="oc-7c"/>
      </symbol>
      <symbol id="sm-aa6">
         <name>het2ParityCheck</name>
         <value>0x90c0</value>
         <object_component_ref idref="oc-7c"/>
      </symbol>
      <symbol id="sm-aa7">
         <name>adc2ParityCheck</name>
         <value>0x9358</value>
         <object_component_ref idref="oc-7c"/>
      </symbol>
      <symbol id="sm-aa8">
         <name>cpuSelfTest</name>
         <value>0x8234</value>
         <object_component_ref idref="oc-7c"/>
      </symbol>
      <symbol id="sm-aa9">
         <name>htu1ParityCheck</name>
         <value>0x9004</value>
         <object_component_ref idref="oc-7c"/>
      </symbol>
      <symbol id="sm-aaa">
         <name>checkFlashECC</name>
         <value>0x8d18</value>
         <object_component_ref idref="oc-7c"/>
      </symbol>
      <symbol id="sm-aab">
         <name>cpuSelfTestFail</name>
         <value>0x8dfc</value>
         <object_component_ref idref="oc-7c"/>
      </symbol>
      <symbol id="sm-aac">
         <name>checkPLL1Slip</name>
         <value>0x9e8c</value>
         <object_component_ref idref="oc-7c"/>
      </symbol>
      <symbol id="sm-aad">
         <name>mibspi1ParityCheck</name>
         <value>0x9684</value>
         <object_component_ref idref="oc-7c"/>
      </symbol>
      <symbol id="sm-aae">
         <name>ccmr4GetConfigValue</name>
         <value>0xa6fc</value>
         <object_component_ref idref="oc-7c"/>
      </symbol>
      <symbol id="sm-aaf">
         <name>htu2ParityCheck</name>
         <value>0x91bc</value>
         <object_component_ref idref="oc-7c"/>
      </symbol>
      <symbol id="sm-ab0">
         <name>pbistPortTestStatus</name>
         <value>0x8608</value>
         <object_component_ref idref="oc-7c"/>
      </symbol>
      <symbol id="sm-ab1">
         <name>checkFlashEEPROMECC</name>
         <value>0x9cf4</value>
         <object_component_ref idref="oc-7c"/>
      </symbol>
      <symbol id="sm-ab2">
         <name>pbistGetConfigValue</name>
         <value>0xa470</value>
         <object_component_ref idref="oc-7c"/>
      </symbol>
      <symbol id="sm-ab3">
         <name>vimParityCheck</name>
         <value>0x8e00</value>
         <object_component_ref idref="oc-7c"/>
      </symbol>
      <symbol id="sm-ab4">
         <name>pbistIsTestCompleted</name>
         <value>0x85a8</value>
         <object_component_ref idref="oc-7c"/>
      </symbol>
      <symbol id="sm-ab5">
         <name>disableParity</name>
         <value>0xab58</value>
         <object_component_ref idref="oc-7c"/>
      </symbol>
      <symbol id="sm-ab6">
         <name>pbistRun</name>
         <value>0x84ac</value>
         <object_component_ref idref="oc-7c"/>
      </symbol>
      <symbol id="sm-ab7">
         <name>pbistFail</name>
         <value>0xa3ec</value>
         <object_component_ref idref="oc-7c"/>
      </symbol>
      <symbol id="sm-ab8">
         <name>selftestFailNotification</name>
         <value>0x8020</value>
         <object_component_ref idref="oc-7c"/>
      </symbol>
      <symbol id="sm-ab9">
         <name>errata_PBIST_4</name>
         <value>0xa76c</value>
         <object_component_ref idref="oc-7c"/>
      </symbol>
      <symbol id="sm-aba">
         <name>mibspi3ParityCheck</name>
         <value>0x978c</value>
         <object_component_ref idref="oc-7c"/>
      </symbol>
      <symbol id="sm-abb">
         <name>efcSelfTest</name>
         <value>0x8794</value>
         <object_component_ref idref="oc-7c"/>
      </symbol>
      <symbol id="sm-abc">
         <name>checkB1RAMECC</name>
         <value>0x8b28</value>
         <object_component_ref idref="oc-7c"/>
      </symbol>
      <symbol id="sm-abd">
         <name>pbistStop</name>
         <value>0x8578</value>
         <object_component_ref idref="oc-7c"/>
      </symbol>
      <symbol id="sm-abe">
         <name>can3ParityCheck</name>
         <value>0x95b0</value>
         <object_component_ref idref="oc-7c"/>
      </symbol>
      <symbol id="sm-abf">
         <name>checkRAMAddrParity</name>
         <value>0xa050</value>
         <object_component_ref idref="oc-7c"/>
      </symbol>
      <symbol id="sm-ac0">
         <name>mibspi5ParityCheck</name>
         <value>0x98b0</value>
         <object_component_ref idref="oc-7c"/>
      </symbol>
      <symbol id="sm-ac1">
         <name>checkB0RAMECC</name>
         <value>0x8938</value>
         <object_component_ref idref="oc-7c"/>
      </symbol>
      <symbol id="sm-ac2">
         <name>stcGetConfigValue</name>
         <value>0xa5bc</value>
         <object_component_ref idref="oc-7c"/>
      </symbol>
      <symbol id="sm-ac3">
         <name>pbistIsTestPassed</name>
         <value>0x85d4</value>
         <object_component_ref idref="oc-7c"/>
      </symbol>
      <symbol id="sm-ac4">
         <name>checkClockMonitor</name>
         <value>0x9c18</value>
         <object_component_ref idref="oc-7c"/>
      </symbol>
      <symbol id="sm-ac5">
         <name>fmcECCcheck</name>
         <value>0x8898</value>
         <object_component_ref idref="oc-7c"/>
      </symbol>
      <symbol id="sm-ac6">
         <name>fmcBus2Check</name>
         <value>0x885c</value>
         <object_component_ref idref="oc-7c"/>
      </symbol>
      <symbol id="sm-ac7">
         <name>checkRAMUERRTest</name>
         <value>0xa15c</value>
         <object_component_ref idref="oc-7c"/>
      </symbol>
      <symbol id="sm-ac8">
         <name>efcStuckZeroTest</name>
         <value>0x86e8</value>
         <object_component_ref idref="oc-7c"/>
      </symbol>
      <symbol id="sm-ac9">
         <name>checkPLL2Slip</name>
         <value>0x9f8c</value>
         <object_component_ref idref="oc-7c"/>
      </symbol>
      <symbol id="sm-af3">
         <name>_c_int00</name>
         <value>0x125dc</value>
         <object_component_ref idref="oc-20"/>
      </symbol>
      <symbol id="sm-b8a">
         <name>vimChannelMap</name>
         <value>0x1015c</value>
         <object_component_ref idref="oc-41"/>
      </symbol>
      <symbol id="sm-b8b">
         <name>vimInit</name>
         <value>0x10088</value>
         <object_component_ref idref="oc-41"/>
      </symbol>
      <symbol id="sm-b8c">
         <name>vimEnableInterrupt</name>
         <value>0x10200</value>
         <object_component_ref idref="oc-41"/>
      </symbol>
      <symbol id="sm-b8d">
         <name>vimDisableInterrupt</name>
         <value>0x10358</value>
         <object_component_ref idref="oc-41"/>
      </symbol>
      <symbol id="sm-b8e">
         <name>vimGetConfigValue</name>
         <value>0x103dc</value>
         <object_component_ref idref="oc-41"/>
      </symbol>
      <symbol id="sm-b8f">
         <name>vimParityErrorHandler</name>
         <value>0x12874</value>
         <object_component_ref idref="oc-40"/>
      </symbol>
      <symbol id="sm-be9">
         <name>systemGetConfigValue</name>
         <value>0xd08c</value>
         <object_component_ref idref="oc-76"/>
      </symbol>
      <symbol id="sm-bea">
         <name>trimLPO</name>
         <value>0xcd8c</value>
         <object_component_ref idref="oc-76"/>
      </symbol>
      <symbol id="sm-beb">
         <name>systemInit</name>
         <value>0xcf90</value>
         <object_component_ref idref="oc-76"/>
      </symbol>
      <symbol id="sm-bec">
         <name>tcmflashGetConfigValue</name>
         <value>0xd4a0</value>
         <object_component_ref idref="oc-76"/>
      </symbol>
      <symbol id="sm-bed">
         <name>sramGetConfigValue</name>
         <value>0xd64c</value>
         <object_component_ref idref="oc-76"/>
      </symbol>
      <symbol id="sm-bee">
         <name>periphInit</name>
         <value>0xce14</value>
         <object_component_ref idref="oc-76"/>
      </symbol>
      <symbol id="sm-bef">
         <name>setupFlash</name>
         <value>0xcdd4</value>
         <object_component_ref idref="oc-76"/>
      </symbol>
      <symbol id="sm-bf0">
         <name>setupPLL</name>
         <value>0xcd2c</value>
         <object_component_ref idref="oc-76"/>
      </symbol>
      <symbol id="sm-bf1">
         <name>mapClocks</name>
         <value>0xce68</value>
         <object_component_ref idref="oc-76"/>
      </symbol>
      <symbol id="sm-bf2">
         <name>systemPowerDown</name>
         <value>0xd05c</value>
         <object_component_ref idref="oc-76"/>
      </symbol>
      <symbol id="sm-c07">
         <name>atoi</name>
         <value>0x13b71</value>
         <object_component_ref idref="oc-10c"/>
      </symbol>
      <symbol id="sm-c2d">
         <name>__TI_auto_init</name>
         <value>0x139e1</value>
         <object_component_ref idref="oc-88"/>
      </symbol>
      <symbol id="sm-c44">
         <name>__TI_decompress_none</name>
         <value>0x13ead</value>
         <object_component_ref idref="oc-e"/>
      </symbol>
      <symbol id="sm-c66">
         <name>__TI_decompress_rle24</name>
         <value>0x13ec7</value>
         <object_component_ref idref="oc-14"/>
      </symbol>
      <symbol id="sm-c78">
         <name>__TI_zero_init</name>
         <value>0x13ebb</value>
         <object_component_ref idref="oc-1a"/>
      </symbol>
      <symbol id="sm-c92">
         <name>copy_in</name>
         <value>0x13c11</value>
         <object_component_ref idref="oc-f2"/>
      </symbol>
      <symbol id="sm-c9d">
         <name>_ctypes_</name>
         <value>0x14050</value>
         <object_component_ref idref="oc-216"/>
      </symbol>
      <symbol id="sm-cbc">
         <name>C$$EXIT</name>
         <value>0x13ca1</value>
         <object_component_ref idref="oc-94"/>
      </symbol>
      <symbol id="sm-cbd">
         <name>abort</name>
         <value>0x13ca5</value>
         <object_component_ref idref="oc-94"/>
      </symbol>
      <symbol id="sm-cbe">
         <name>exit</name>
         <value>0x13cad</value>
         <object_component_ref idref="oc-94"/>
      </symbol>
      <symbol id="sm-cbf">
         <name>__TI_dtors_ptr</name>
         <value>0x8003204</value>
         <object_component_ref idref="oc-157"/>
      </symbol>
      <symbol id="sm-cc0">
         <name>__TI_cleanup_ptr</name>
         <value>0x8003200</value>
         <object_component_ref idref="oc-157"/>
      </symbol>
      <symbol id="sm-cdb">
         <name>memcpy</name>
         <value>0x13833</value>
         <object_component_ref idref="oc-4c"/>
      </symbol>
      <symbol id="sm-cdc">
         <name>__aeabi_memcpy</name>
         <value>0x13833</value>
         <object_component_ref idref="oc-4c"/>
      </symbol>
      <symbol id="sm-cdd">
         <name>__aeabi_memcpy8</name>
         <value>0x13833</value>
         <object_component_ref idref="oc-4c"/>
      </symbol>
      <symbol id="sm-cde">
         <name>__aeabi_memcpy4</name>
         <value>0x13833</value>
         <object_component_ref idref="oc-4c"/>
      </symbol>
      <symbol id="sm-ced">
         <name>__aeabi_memset</name>
         <value>0x13967</value>
         <object_component_ref idref="oc-65"/>
      </symbol>
      <symbol id="sm-cee">
         <name>memset</name>
         <value>0x1396d</value>
         <object_component_ref idref="oc-65"/>
      </symbol>
      <symbol id="sm-cef">
         <name>__aeabi_memset8</name>
         <value>0x13967</value>
         <object_component_ref idref="oc-65"/>
      </symbol>
      <symbol id="sm-cf0">
         <name>__aeabi_memset4</name>
         <value>0x13967</value>
         <object_component_ref idref="oc-65"/>
      </symbol>
      <symbol id="sm-cf1">
         <name>__aeabi_memclr8</name>
         <value>0x13965</value>
         <object_component_ref idref="oc-65"/>
      </symbol>
      <symbol id="sm-cf2">
         <name>__aeabi_memclr4</name>
         <value>0x13965</value>
         <object_component_ref idref="oc-65"/>
      </symbol>
      <symbol id="sm-cf3">
         <name>__aeabi_memclr</name>
         <value>0x13965</value>
         <object_component_ref idref="oc-65"/>
      </symbol>
      <symbol id="sm-d14">
         <name>snprintf</name>
         <value>0x138d1</value>
         <object_component_ref idref="oc-112"/>
      </symbol>
      <symbol id="sm-d24">
         <name>strncpy</name>
         <value>0x13d5d</value>
         <object_component_ref idref="oc-106"/>
      </symbol>
      <symbol id="sm-d32">
         <name>__aeabi_uidivmod</name>
         <value>0x13bc0</value>
         <object_component_ref idref="oc-323"/>
      </symbol>
      <symbol id="sm-d33">
         <name>__aeabi_uidiv</name>
         <value>0x13bc0</value>
         <object_component_ref idref="oc-323"/>
      </symbol>
      <symbol id="sm-d4c">
         <name>_nop</name>
         <value>0x13ea7</value>
         <object_component_ref idref="oc-27f"/>
      </symbol>
      <symbol id="sm-d4d">
         <name>_lock</name>
         <value>0x80031f8</value>
         <object_component_ref idref="oc-154"/>
      </symbol>
      <symbol id="sm-d4e">
         <name>_unlock</name>
         <value>0x80031fc</value>
         <object_component_ref idref="oc-154"/>
      </symbol>
      <symbol id="sm-d4f">
         <name>_register_lock</name>
         <value>0x13e9f</value>
         <object_component_ref idref="oc-27f"/>
      </symbol>
      <symbol id="sm-d50">
         <name>_register_unlock</name>
         <value>0x13e99</value>
         <object_component_ref idref="oc-27f"/>
      </symbol>
      <symbol id="sm-e48">
         <name>__TI_printfi</name>
         <value>0xba57</value>
         <object_component_ref idref="oc-21b"/>
      </symbol>
      <symbol id="sm-e55">
         <name>frexp</name>
         <value>0x13e2b</value>
         <object_component_ref idref="oc-2d6"/>
      </symbol>
      <symbol id="sm-e5f">
         <name>__aeabi_idiv0</name>
         <value>0x138cf</value>
         <object_component_ref idref="oc-390"/>
      </symbol>
      <symbol id="sm-e70">
         <name>ldexp</name>
         <value>0x13c5d</value>
         <object_component_ref idref="oc-2dc"/>
      </symbol>
      <symbol id="sm-e7f">
         <name>ltoa</name>
         <value>0x13b1b</value>
         <object_component_ref idref="oc-2d0"/>
      </symbol>
      <symbol id="sm-e8f">
         <name>memccpy</name>
         <value>0x13e4f</value>
         <object_component_ref idref="oc-2ee"/>
      </symbol>
      <symbol id="sm-e9f">
         <name>strchr</name>
         <value>0x13e6b</value>
         <object_component_ref idref="oc-2e2"/>
      </symbol>
      <symbol id="sm-ead">
         <name>strlen</name>
         <value>0x13e81</value>
         <object_component_ref idref="oc-2ca"/>
      </symbol>
      <symbol id="sm-ed7">
         <name>__aeabi_uldivmod</name>
         <value>0x12324</value>
         <object_component_ref idref="oc-2c5"/>
      </symbol>
      <symbol id="sm-ee5">
         <name>_Dclass</name>
         <value>0x13d21</value>
         <object_component_ref idref="oc-2e8"/>
      </symbol>
      <symbol id="sm-f06">
         <name>_Dscale</name>
         <value>0x13179</value>
         <object_component_ref idref="oc-375"/>
      </symbol>
      <symbol id="sm-f19">
         <name>_Dunscale</name>
         <value>0x13ab7</value>
         <object_component_ref idref="oc-36d"/>
      </symbol>
      <symbol id="sm-f27">
         <name>_Feraise</name>
         <value>0x13dc9</value>
         <object_component_ref idref="oc-37b"/>
      </symbol>
      <symbol id="sm-f37">
         <name>_Rteps</name>
         <value>0x80031c8</value>
         <object_component_ref idref="oc-3ae"/>
      </symbol>
      <symbol id="sm-f38">
         <name>_Zero</name>
         <value>0x80031e0</value>
         <object_component_ref idref="oc-3ae"/>
      </symbol>
      <symbol id="sm-f39">
         <name>_Hugeval</name>
         <value>0x8003188</value>
         <object_component_ref idref="oc-3ae"/>
      </symbol>
      <symbol id="sm-f3a">
         <name>_Snan</name>
         <value>0x80031b8</value>
         <object_component_ref idref="oc-3ae"/>
      </symbol>
      <symbol id="sm-f3b">
         <name>_Nan</name>
         <value>0x80031a8</value>
         <object_component_ref idref="oc-3ae"/>
      </symbol>
      <symbol id="sm-f3c">
         <name>_Inf</name>
         <value>0x8003198</value>
         <object_component_ref idref="oc-3ae"/>
      </symbol>
      <symbol id="sm-f3d">
         <name>_Xbig</name>
         <value>0x80031d8</value>
         <object_component_ref idref="oc-3ae"/>
      </symbol>
      <symbol id="sm-f3e">
         <name>_Eps</name>
         <value>0x8003178</value>
         <object_component_ref idref="oc-3ae"/>
      </symbol>
      <symbol id="sm-f3f">
         <name>_Denorm</name>
         <value>0x8003168</value>
         <object_component_ref idref="oc-3ae"/>
      </symbol>
      <symbol id="sm-f47">
         <name>_Errno</name>
         <value>0x8003210</value>
         <object_component_ref idref="oc-3b9"/>
      </symbol>
      <symbol id="sm-f65">
         <name>feraiseexcept</name>
         <value>0x13d95</value>
         <object_component_ref idref="oc-3b3"/>
      </symbol>
      <symbol id="sm-f66">
         <name>_Tls_setup__Fenv</name>
         <value>0x800320c</value>
         <object_component_ref idref="oc-3d9"/>
      </symbol>
      <symbol id="sm-f67">
         <name>_Fenv</name>
         <value>0x8003208</value>
         <object_component_ref idref="oc-3d9"/>
      </symbol>
      <symbol id="sm-f7b">
         <name>raise</name>
         <value>0x13dfd</value>
         <object_component_ref idref="oc-3d3"/>
      </symbol>
      <symbol id="sm-f95">
         <name>signal</name>
         <value>0x13ce1</value>
         <object_component_ref idref="oc-3e1"/>
      </symbol>
      <symbol id="sm-faa">
         <name>_Dnorm</name>
         <value>0x1376d</value>
         <object_component_ref idref="oc-3a4"/>
      </symbol>
      <symbol id="sm-fab">
         <name>__TI_static_base__</name>
         <value>0x0</value>
      </symbol>
      <symbol id="sm-faf">
         <name>SHT$$INIT_ARRAY$$Base</name>
         <value>0x0</value>
      </symbol>
      <symbol id="sm-fb0">
         <name>SHT$$INIT_ARRAY$$Limit</name>
         <value>0x0</value>
      </symbol>
   </symbol_table>
   <title>Link successful</title>
</link_info>
